
> starked-education-backend@1.0.0 test
> jest tests/middleware/security.test.js --verbose

  console.log
    Testing in environment: test

      at Object.log (tests/setup.js:9:9)

2026-03-24 17:09:14:914 info: Stellar server initialized for testnet network
2026-03-24 17:09:14:914 info: Redis connected successfully
  console.log
    2026-03-24T16:09:14.904Z - GET /

      at log (src/index.js:53:11)

  console.log
    2026-03-24T16:09:14.922Z - GET /

      at log (src/index.js:53:11)

  console.log
    2026-03-24T16:09:14.941Z - GET /

      at log (src/index.js:53:11)

  console.log
    2026-03-24T16:09:14.946Z - GET /

      at log (src/index.js:53:11)

  console.log
    2026-03-24T16:09:14.950Z - GET /

      at log (src/index.js:53:11)

  console.log
    2026-03-24T16:09:14.957Z - GET /

      at log (src/index.js:53:11)

  console.log
    2026-03-24T16:09:14.961Z - GET /

      at log (src/index.js:53:11)

  console.log
    2026-03-24T16:09:14.965Z - GET /

      at log (src/index.js:53:11)

  console.log
    2026-03-24T16:09:14.970Z - GET /

      at log (src/index.js:53:11)

  console.log
    2026-03-24T16:09:14.975Z - GET /

      at log (src/index.js:53:11)

  console.log
    2026-03-24T16:09:14.979Z - GET /

      at log (src/index.js:53:11)

  console.log
    2026-03-24T16:09:14.983Z - GET /

      at log (src/index.js:53:11)

  console.log
    2026-03-24T16:09:14.987Z - GET /

      at log (src/index.js:53:11)

  console.log
    2026-03-24T16:09:14.990Z - GET /

      at log (src/index.js:53:11)

  console.log
    2026-03-24T16:09:14.994Z - GET /

      at log (src/index.js:53:11)

  console.log
    2026-03-24T16:09:14.997Z - GET /

      at log (src/index.js:53:11)

  console.log
    2026-03-24T16:09:15.001Z - GET /

      at log (src/index.js:53:11)

  console.log
    2026-03-24T16:09:15.006Z - GET /

      at log (src/index.js:53:11)

  console.log
    2026-03-24T16:09:15.014Z - GET /

      at log (src/index.js:53:11)

  console.log
    2026-03-24T16:09:15.033Z - POST /api/auth/register

      at log (src/index.js:53:11)

2026-03-24 17:09:15:915 warn: Security event logged: suspicious_input for IP: ::ffff:127.0.0.1. Total suspicious events: 1
2026-03-24 17:09:15:915 warn: High security overhead: 93.824ms for POST /register
2026-03-24 17:09:15:915 info: Redis disconnected successfully
node.exe : FAIL tests/m
iddleware/security.test
.js
At line:1 char:1
+ & "C:\nvm4w\nodejs/no
de.exe" "C:\Users\EMMA\
AppData\Roaming\npm/nod
e_ ...
+ ~~~~~~~~~~~~~~~~~~~~~
~~~~~~~~~~~~~~~~~~~~~~~
~~~~~~~~~~~~~~~~~~~~~~~
~~
    + CategoryInfo     
         : NotSpecifi  
  ed: (FAIL tests/mi   
 ddleware/security.    
test.js:String) []    
, RemoteException
    + FullyQualifiedEr 
   rorId : NativeComm  
  andError
 
  Security Middleware
    ├ù should block 
known bot user agents 
(60 ms)
    ├ù should trigger 
DDoS protection on 
rapid requests (77 ms)
    ├ù should block 
blacklisted IPs (7 ms)
    ΓêÜ should 
sanitize suspicious 
HTML tags in request 
body (110 ms)

  ΓùÅ Security 
Middleware ΓÇ║ should 
block known bot user 
agents

    expect(received).to
Be(expected) // 
Object.is equality

    Expected: 403
    Received: 200

    [0m [90m 30 
|[39m       [33m.[39
m[36mset[39m([32m'Us
er-Agent'[39m[33m,[3
9m [32m'python-request
s/2.25.1'[39m)[33m;[
39m
     [90m 31 |[39m   
  
    [31m[1m>[22m[39
m[90m 32 |[39m     ex
pect(res2[33m.[39msta
tus)[33m.[39mtoBe([3
5m403[39m)[33m;[39m
     [90m    |[39m   
                      
[31m[1m^[22m[39m
     [90m 33 |[39m   
  expect(res2[33m.[39
mbody[33m.[39mmessage
)[33m.[39mtoContain(
[32m'Bots are not allow
ed'[39m)[33m;[39m
     [90m 34 |[39m   
})[33m;[39m
     [90m 35 
|[39m[0m

      at Object.toBe (t
ests/middleware/securit
y.test.js:32:25)

  ΓùÅ Security 
Middleware ΓÇ║ should 
trigger DDoS 
protection on rapid 
requests

    expect(received).to
Be(expected) // 
Object.is equality

    Expected: 429
    Received: 200

    [0m [90m 41 
|[39m
     [90m 42 |[39m   
  [36mconst[39m res 
[33m=[39m 
[36mawait[39m request
(app)[33m.[39m[36mge
t[39m([32m'/'[39m)[
33m;[39m
    [31m[1m>[22m[39
m[90m 43 |[39m     ex
pect(res[33m.[39mstat
us)[33m.[39mtoBe([35
m429[39m)[33m;[39m
     [90m    |[39m   
                     
[31m[1m^[22m[39m
     [90m 44 |[39m   
  expect(res[33m.[39m
body[33m.[39mmessage)
[33m.[39mtoContain([
32m'Too many requests, 
please slow 
down'[39m)[33m;[39m
     [90m 45 |[39m   
})[33m;[39m
     [90m 46 
|[39m[0m

      at Object.toBe (t
ests/middleware/securit
y.test.js:43:24)

  ΓùÅ Security 
Middleware ΓÇ║ should 
block blacklisted IPs

    expect(received).to
Be(expected) // 
Object.is equality

    Expected: 403
    Received: 200

    [0m [90m 51 
|[39m
     [90m 52 |[39m   
  [36mconst[39m res 
[33m=[39m 
[36mawait[39m request
(app)[33m.[39m[36mge
t[39m([32m'/'[39m)[
33m;[39m
    [31m[1m>[22m[39
m[90m 53 |[39m     ex
pect(res[33m.[39mstat
us)[33m.[39mtoBe([35
m403[39m)[33m;[39m
     [90m    |[39m   
                     
[31m[1m^[22m[39m
     [90m 54 |[39m   
  expect(res[33m.[39m
body[33m.[39mmessage)
[33m.[39mtoContain([
32m'Access denied from 
this 
IP'[39m)[33m;[39m
     [90m 55 |[39m   
})[33m;[39m
     [90m 56 
|[39m[0m

      at Object.toBe (t
ests/middleware/securit
y.test.js:53:24)

Test Suites: 1 failed, 
1 total
Tests:       3 failed, 
1 passed, 4 total
Snapshots:   0 total
Time:        4.768 s, 
estimated 6 s
Ran all test suites 
matching /tests\\middle
ware\\security.test.js/
i.
Force exiting Jest: 
Have you considered 
using 
`--detectOpenHandles` 
to detect async 
operations that kept 
running after all 
tests finished?
npm error Lifecycle 
script `test` failed 
with error:
npm error code 1
npm error path C:\Users
\EMMA\Desktop\starked\b
ackend
npm error workspace sta
rked-education-backend@
1.0.0
npm error location C:\U
sers\EMMA\Desktop\stark
ed\backend
npm error command 
failed
npm error command C:\WI
NDOWS\system32\cmd.exe 
/d /s /c jest tests/mid
dleware/security.test.j
s --verbose
